{
    "amplicon = true": {
        "content": [
            {
                "0": [
                    [
                        {
                            "id": "first",
                            "seed": 40,
                            "outdir": "art_illumina",
                            "datatype": "amplicon_illumina"
                        },
                        [
                            "first1.fq.gz:md5,d41d8cd98f00b204e9800998ecf8427e",
                            "first2.fq.gz:md5,d41d8cd98f00b204e9800998ecf8427e"
                        ]
                    ],
                    [
                        {
                            "id": "second",
                            "seed": 41,
                            "outdir": "art_illumina",
                            "datatype": "amplicon_illumina"
                        },
                        [
                            "second1.fq.gz:md5,d41d8cd98f00b204e9800998ecf8427e",
                            "second2.fq.gz:md5,d41d8cd98f00b204e9800998ecf8427e"
                        ]
                    ],
                    [
                        {
                            "id": "third",
                            "seed": 42,
                            "outdir": "art_illumina",
                            "datatype": "amplicon_illumina"
                        },
                        [
                            "third1.fq.gz:md5,d41d8cd98f00b204e9800998ecf8427e",
                            "third2.fq.gz:md5,d41d8cd98f00b204e9800998ecf8427e"
                        ]
                    ]
                ],
                "1": [
                    [
                        {
                            "id": "amplicon_illumina"
                        },
                        "amplicon_illumina_samplesheet.csv:md5,2f0440b621dd2de3c89cda85c81e5be7"
                    ]
                ],
                "2": [
                    [
                        "multiqc_report.html:md5,7275bee57bc698eb68d629faa9f0b77b"
                    ]
                ],
                "3": [
                    "versions.yml:md5,7282f5159b374e936cdb2a26261c07dd",
                    "versions.yml:md5,8acb8b7e1c904e2100c4a4451a880d9c"
                ],
                "multiqc_report": [
                    [
                        "multiqc_report.html:md5,7275bee57bc698eb68d629faa9f0b77b"
                    ]
                ],
                "samplesheet": [
                    [
                        {
                            "id": "amplicon_illumina"
                        },
                        "amplicon_illumina_samplesheet.csv:md5,2f0440b621dd2de3c89cda85c81e5be7"
                    ]
                ],
                "simulated_reads": [
                    [
                        {
                            "id": "first",
                            "seed": 40,
                            "outdir": "art_illumina",
                            "datatype": "amplicon_illumina"
                        },
                        [
                            "first1.fq.gz:md5,d41d8cd98f00b204e9800998ecf8427e",
                            "first2.fq.gz:md5,d41d8cd98f00b204e9800998ecf8427e"
                        ]
                    ],
                    [
                        {
                            "id": "second",
                            "seed": 41,
                            "outdir": "art_illumina",
                            "datatype": "amplicon_illumina"
                        },
                        [
                            "second1.fq.gz:md5,d41d8cd98f00b204e9800998ecf8427e",
                            "second2.fq.gz:md5,d41d8cd98f00b204e9800998ecf8427e"
                        ]
                    ],
                    [
                        {
                            "id": "third",
                            "seed": 42,
                            "outdir": "art_illumina",
                            "datatype": "amplicon_illumina"
                        },
                        [
                            "third1.fq.gz:md5,d41d8cd98f00b204e9800998ecf8427e",
                            "third2.fq.gz:md5,d41d8cd98f00b204e9800998ecf8427e"
                        ]
                    ]
                ],
                "versions": [
                    "versions.yml:md5,7282f5159b374e936cdb2a26261c07dd",
                    "versions.yml:md5,8acb8b7e1c904e2100c4a4451a880d9c"
                ]
            }
        ],
        "timestamp": "2024-01-19T19:15:08.881730553"
    }
}
