{
    "amplicon = true": {
        "content": [
            [
                [
                    {
                        "id": "first",
                        "seed": 40,
                        "outdir": "art_illumina",
                        "datatype": "amplicon_illumina"
                    },
                    [
                        "first1.fq.gz:md5,5dfb2de5a3d547b4a1cbdfe8fe33eb78",
                        "first2.fq.gz:md5,3ff099ec08c9d1f1f87f7bcd1455aad3"
                    ]
                ],
                [
                    {
                        "id": "second",
                        "seed": 41,
                        "outdir": "art_illumina",
                        "datatype": "amplicon_illumina"
                    },
                    [
                        "second1.fq.gz:md5,fdb32a77b5d100efd77f9b253475b354",
                        "second2.fq.gz:md5,97b1101a3a2a3814f301ccd90b5c2f30"
                    ]
                ],
                [
                    {
                        "id": "third",
                        "seed": 42,
                        "outdir": "art_illumina",
                        "datatype": "amplicon_illumina"
                    },
                    [
                        "third1.fq.gz:md5,62ab3b38160c81c9d9fa972871f896d3",
                        "third2.fq.gz:md5,912ae27dc22fea5b3d2f8f3a5dd4fa08"
                    ]
                ]
            ]
        ],
        "meta": {
            "nf-test": "0.8.4",
            "nextflow": "23.10.1"
        },
        "timestamp": "2024-03-19T14:38:49.385639018"
    }
}